[0/1] Planning build
Building for production...
[0/2] Write swift-version--58304C5D6DBC2206.txt
[2/3] Compiling Domain BatterySample.swift
[3/4] Compiling Data Namespace.swift
/Users/kirillsimagin/dev/my/worldproject/zaryad/Sources/Data/SessionUseCases/SessionManager.swift:18:14: warning: instance method 'lock' is unavailable from asynchronous contexts; Use async-safe scoped locking instead; this is an error in the Swift 6 language mode
16 | 
17 |     public func start() async throws -> Session {
18 |         lock.lock()
   |              `- warning: instance method 'lock' is unavailable from asynchronous contexts; Use async-safe scoped locking instead; this is an error in the Swift 6 language mode
19 |         defer { lock.unlock() }
20 |         // If a session is active, finalize it first

Foundation.NSLock.lock:2:11: note: 'lock()' declared here
1 | class NSLock {
2 | open func lock()}
  |           `- note: 'lock()' declared here
3 | 

/Users/kirillsimagin/dev/my/worldproject/zaryad/Sources/Data/SessionUseCases/SessionManager.swift:19:22: warning: instance method 'unlock' is unavailable from asynchronous contexts; Use async-safe scoped locking instead; this is an error in the Swift 6 language mode
17 |     public func start() async throws -> Session {
18 |         lock.lock()
19 |         defer { lock.unlock() }
   |                      `- warning: instance method 'unlock' is unavailable from asynchronous contexts; Use async-safe scoped locking instead; this is an error in the Swift 6 language mode
20 |         // If a session is active, finalize it first
21 |         if let active = current {

Foundation.NSLock.unlock:2:11: note: 'unlock()' declared here
1 | class NSLock {
2 | open func unlock()}
  |           `- note: 'unlock()' declared here
3 | 

/Users/kirillsimagin/dev/my/worldproject/zaryad/Sources/Data/SessionUseCases/SessionManager.swift:32:14: warning: instance method 'lock' is unavailable from asynchronous contexts; Use async-safe scoped locking instead; this is an error in the Swift 6 language mode
30 | 
31 |     public func append(sample: BatterySample) async throws {
32 |         lock.lock()
   |              `- warning: instance method 'lock' is unavailable from asynchronous contexts; Use async-safe scoped locking instead; this is an error in the Swift 6 language mode
33 |         var session = current
34 |         if session == nil {

Foundation.NSLock.lock:2:11: note: 'lock()' declared here
1 | class NSLock {
2 | open func lock()}
  |           `- note: 'lock()' declared here
3 | 

/Users/kirillsimagin/dev/my/worldproject/zaryad/Sources/Data/SessionUseCases/SessionManager.swift:40:14: warning: instance method 'unlock' is unavailable from asynchronous contexts; Use async-safe scoped locking instead; this is an error in the Swift 6 language mode
38 |         session?.samples.append(sample)
39 |         current = session
40 |         lock.unlock()
   |              `- warning: instance method 'unlock' is unavailable from asynchronous contexts; Use async-safe scoped locking instead; this is an error in the Swift 6 language mode
41 |     }
42 | 

Foundation.NSLock.unlock:2:11: note: 'unlock()' declared here
1 | class NSLock {
2 | open func unlock()}
  |           `- note: 'unlock()' declared here
3 | 

/Users/kirillsimagin/dev/my/worldproject/zaryad/Sources/Data/SessionUseCases/SessionManager.swift:44:14: warning: instance method 'lock' is unavailable from asynchronous contexts; Use async-safe scoped locking instead; this is an error in the Swift 6 language mode
42 | 
43 |     public func stop() async throws -> Session {
44 |         lock.lock()
   |              `- warning: instance method 'lock' is unavailable from asynchronous contexts; Use async-safe scoped locking instead; this is an error in the Swift 6 language mode
45 |         guard var session = current else {
46 |             lock.unlock()

Foundation.NSLock.lock:2:11: note: 'lock()' declared here
1 | class NSLock {
2 | open func lock()}
  |           `- note: 'lock()' declared here
3 | 

/Users/kirillsimagin/dev/my/worldproject/zaryad/Sources/Data/SessionUseCases/SessionManager.swift:46:18: warning: instance method 'unlock' is unavailable from asynchronous contexts; Use async-safe scoped locking instead; this is an error in the Swift 6 language mode
44 |         lock.lock()
45 |         guard var session = current else {
46 |             lock.unlock()
   |                  `- warning: instance method 'unlock' is unavailable from asynchronous contexts; Use async-safe scoped locking instead; this is an error in the Swift 6 language mode
47 |             throw NSError(domain: "SessionManager", code: 1, userInfo: [NSLocalizedDescriptionKey: "No active session"]) 
48 |         }

Foundation.NSLock.unlock:2:11: note: 'unlock()' declared here
1 | class NSLock {
2 | open func unlock()}
  |           `- note: 'unlock()' declared here
3 | 

/Users/kirillsimagin/dev/my/worldproject/zaryad/Sources/Data/SessionUseCases/SessionManager.swift:51:14: warning: instance method 'unlock' is unavailable from asynchronous contexts; Use async-safe scoped locking instead; this is an error in the Swift 6 language mode
49 |         session.endTimestamp = Date()
50 |         current = nil
51 |         lock.unlock()
   |              `- warning: instance method 'unlock' is unavailable from asynchronous contexts; Use async-safe scoped locking instead; this is an error in the Swift 6 language mode
52 | 
53 |         // perform any final aggregations if needed (Session has computed props)

Foundation.NSLock.unlock:2:11: note: 'unlock()' declared here
1 | class NSLock {
2 | open func unlock()}
  |           `- note: 'unlock()' declared here
3 | 

/Users/kirillsimagin/dev/my/worldproject/zaryad/Sources/Data/SystemPower/Poller.swift:54:24: warning: no 'async' operations occur within 'await' expression
52 |             return AsyncStream { continuation in
53 |                 // Add to actor-managed list
54 |                 Task { await self.addContinuation(continuation) }
   |                        `- warning: no 'async' operations occur within 'await' expression
55 |             }
56 |         }
[4/5] Compiling Presentation RealtimeViewModel.swift
[5/6] Compiling App App.swift
/Users/kirillsimagin/dev/my/worldproject/zaryad/Sources/App/LocalHTTPExporter.swift:68:17: warning: variable 'header' was never mutated; consider changing to 'let' constant
66 | 
67 |             let contentLength = body?.count ?? 0
68 |             var header = """
   |                 `- warning: variable 'header' was never mutated; consider changing to 'let' constant
69 |             \(statusLine)Content-Length: \(contentLength)\r
70 |             Content-Type: \(contentType)\r
[5/7] Write Objects.LinkFileList
[6/7] Linking ChargerMonitor
Build complete! (4.13s)
